POST /api/formSubmission ::1
POST /api/formSubmission ::1
POST /api/formSubmission ::1
POST /api/formSubmission ::1
POST /api/formSubmission ::1
POST /api/chat/formSubmission ::1
POST /api/chat/formSubmission ::1
POST /api/chat/formSubmission ::1
POST /api/chat/formSubmission ::1
POST /api/chat/formSubmission ::1
POST /api/chat/formSubmission ::1
POST /api/chat/formSubmission ::1
POST /api/formSubmission/680ea656dfa148d216ae0fa3/message ::1
POST /api/chat/formSubmission ::1
POST /api/chat/formSubmission/680ea6dcdfa148d216ae0fa5/message ::1
PUT /api/chat/formSubmission ::1
PUT /api/chat/formSubmission ::1
POST /api/chat/formSubmission ::1
POST /api/chat/formSubmission ::1
POST /api/chat/formSubmission ::1
POST /api/chat/formSubmission/680ea921be650c5db33c3661/message ::1
POST /api/chat/formSubmission ::1
POST /api/chat/formSubmission/680ea980be650c5db33c3664/message ::1
POST /api/chat/formSubmission ::1
POST /api/chat/formSubmission/680ea9adbe650c5db33c3667/message ::1
POST /api/chat/formSubmission ::1
POST /api/chat/formSubmission ::1
POST /api/chat/formSubmission/680eacf1be650c5db33c366c/message ::1
POST /api/chat/formSubmission ::1
POST /api/chat/formSubmission/680eb256be650c5db33c366f/message ::1
POST /api/chat/formSubmission ::1
POST /api/chat/formSubmission/680eb4ebbe650c5db33c3672/message ::1
POST /api/chat/formSubmission ::1
POST /api/chat/formSubmission/680eb58cbe650c5db33c3675/message ::1
POST /api/chat/formSubmission ::1
POST /api/chat/formSubmission/680eb72ac01b7e7450581637/message ::1
POST /api/chat/formSubmission ::1
POST /api/chat/formSubmission/680eb7f6eb2283f612e84d8b/message ::1
POST /api/chat/formSubmission ::1
POST /api/chat/formSubmission/680eb82beb2283f612e84d8e/message ::1
POST /api/chat/formSubmission ::1
POST /api/chat/formSubmission/680eb866eb2283f612e84d91/message ::1
POST /api/chat/formSubmission ::1
POST /api/chat/formSubmission/680f3b1dd29572a5b4706870/message ::1
POST /api/chat/formSubmission ::1
POST /api/chat/formSubmission/680f3cd4d29572a5b4706873/message ::1
POST /api/chat/formSubmission/680f3cd4d29572a5b4706873/message ::1
POST /api/users/login ::1
POST /api/users/login ::1
POST /api/users/login ::1
POST /api/users/signup ::1
POST /api/users/login ::1
POST /api/users/login ::1
POST /api/users/login ::1
GET /api/users/me ::1
GET /api/users/me ::1
GET /api/users/me ::1
GET /api/users/me ::1
GET /api/users/ ::1
GET /api/users/ ::1
GET /api/users/contact ::1
GET /api/users/contact ::1
GET /api/users/contactcenter ::1
GET /api/users/contactcenter ::1
GET /api/users/contactcenter ::1
GET /api/users/contactcenter ::1
GET /api/users/contactcenter ::1
GET /api/users/contactcenter ::1
GET /api/users/contactcenter ::1
GET /api/users/contactcenter ::1
GET /api/users/contactcenter ::1
GET /api/users/contactcenter ::1
GET /api/users/contactcenter ::1
GET /api/users/contactcenter ::1
GET /api/users/contactcenter ::1
GET /api/users/contactcenter ::1
GET /api/users/contactcenter ::1
GET /api/users/contactcenter ::1
GET /api/users/contactcenter ::1
GET /api/users/contactcenter ::1
GET /api/users/contactcenter ::1
GET /api/users/contactcenter ::1
GET /api/users/contactcenter ::1
GET /api/users/contactcenter ::1
GET /api/users/contactcenter ::1
GET /api/users/contactcenter ::1
GET /api/users/contactcenter ::1
GET /api/users/contactcenter ::1
GET /api/users/contactcenter ::1
GET /api/users/contactcenter ::1
GET /api/users/contactcenter ::1
GET /api/users/contactcenter ::1
GET /api/users/contactcenter ::1
GET /api/users/contactcenter ::1
GET /api/users/contactcenter ::1
GET /api/users/contactcenter ::1
GET /api/users/contactcenter ::1
GET /api/users/contactcenter ::1
GET /api/users/contactcenter ::1
GET /api/users/contactcenter ::1
GET /api/users/contactcenter ::1
GET /api/users/contactcenter ::1
GET /api/users/contactcenter ::1
GET /api/users/contactcenter ::1
GET /api/users/contactcenter ::1
GET /api/users/contactcenter ::1
GET /api/users/contactcenter ::1
GET /api/users/contactcenter ::1
POST /api/users/signup ::1
POST /api/users/signup ::1
POST /api/users/signup ::1
POST /api/users/signup ::1
POST /api/users/signup ::1
POST /api/users/login ::1
GET /api/users/contactcenter ::1
GET /api/users/contactcenter ::1
GET /api/users/contactcenter ::1
GET /api/users/contactcenter ::1
GET /api/users/contactcenter ::1
GET /api/users/contactcenter ::1
